// Jest Snapshot v1, https://goo.gl/fbAQLP

exports[`Master  should render successfully 1`] = `
<div>
  <div
    class="master-container"
  >
    <main
      class="main"
    >
      <div
        class="currency-container"
      >
        <span>
          🧠
        </span>
        <select
          name="Currency"
        >
          <option
            value="INR"
          >
            INR
          </option>
          <option
            value="USD"
          >
            USD
          </option>
          <option
            value="EUR"
          >
            EUR
          </option>
        </select>
      </div>
      <div
        class="left-section"
      >
        <div
          class="section"
          tabindex="0"
        >
          <h2
            class="background double"
          >
            <span>
              Loan Amount
            </span>
            <span
              class="sub-title"
            >
              In Lacks
            </span>
          </h2>
          <div
            class="slider-container"
          >
            <div
              class="selected-value"
            >
              <span
                class="value"
              >
                ₹1,000,000
              </span>
              
            </div>
            <div
              class="field"
            >
              <div
                class="value min"
              >
                1
              </div>
              <input
                max="100"
                min="1"
                step="1"
                type="range"
                value="10"
              />
              <div
                class="value max"
              >
                100
              </div>
            </div>
          </div>
        </div>
        <div
          class="section"
          tabindex="0"
        >
          <h2
            class="background double"
          >
            <span>
              Interest Rate
            </span>
            <span
              class="sub-title"
            >
              %
            </span>
          </h2>
          <div
            class="slider-container"
          >
            <div
              class="selected-value"
            >
              <span
                class="value"
              >
                10
              </span>
              <span
                class="unit"
              >
                %
              </span>
            </div>
            <div
              class="field"
            >
              <div
                class="value min"
              >
                1
              </div>
              <input
                max="20"
                min="1"
                step="0.25"
                type="range"
                value="10"
              />
              <div
                class="value max"
              >
                20
              </div>
            </div>
          </div>
        </div>
        <div
          class="section"
          tabindex="0"
        >
          <h2
            class="background double"
          >
            <span>
              Loan Tenure
            </span>
            <span
              class="sub-title"
            >
              years
            </span>
          </h2>
          <div
            class="slider-container"
          >
            <div
              class="selected-value"
            >
              <span
                class="value"
              >
                10
              </span>
              
            </div>
            <div
              class="field"
            >
              <div
                class="value min"
              >
                1
              </div>
              <input
                max="30"
                min="1"
                step="0.5"
                type="range"
                value="10"
              />
              <div
                class="value max"
              >
                30
              </div>
            </div>
          </div>
        </div>
      </div>
      <div
        class="right-section"
      >
        <div
          class="items"
        >
          <div
            class="card-container emi"
          >
            <div
              class="title"
            >
              Loan EMI
            </div>
            
            <div
              class="value"
            >
              ₹13,215.00
            </div>
          </div>
        </div>
        <div
          class="items"
        >
          <div
            class="card-container interest"
          >
            <div
              class="title"
            >
              Total Interest Payable
            </div>
            
            <div
              class="value"
            >
              ₹585,809.00
            </div>
          </div>
        </div>
        <div
          class="items"
        >
          <div
            class="card-container total"
          >
            <div
              class="title"
            >
              Total Payment
            </div>
            <div
              class="sub-title"
            >
              <span>
                (Principal + Interest)
              </span>
            </div>
            <div
              class="value"
            >
              ₹1,585,809.00
            </div>
          </div>
        </div>
      </div>
    </main>
    <div
      class="breakup"
    >
      <div
        class="title"
      >
        <h2
          class="background double"
        >
          <span>
            💗 Graphical EMI Breakup 💗
          </span>
        </h2>
      </div>
      <div
        class="left"
      >
        <div
          data-highcharts-chart="0"
          id="basic-bar"
          style="overflow: hidden;"
        >
          <div
            class="highcharts-container "
            dir="ltr"
            id="highcharts-v3wv9qu-0"
            style="position: relative; overflow: hidden; width: 600px; height: 400px; text-align: left; line-height: normal; z-index: 0; user-select: none;"
          >
            <svg
              class="highcharts-root"
              height="400"
              style="font-family:\\"Lucida Grande\\", \\"Lucida Sans Unicode\\", Arial, Helvetica, sans-serif;font-size:12px;"
              version="1.1"
              viewBox="0 0 600 400"
              width="600"
              xmlns="http://www.w3.org/2000/svg"
            >
              <desc>
                Created with Highcharts 8.1.2
              </desc>
              <defs>
                <clippath
                  id="highcharts-v3wv9qu-1-"
                >
                  <rect
                    fill="none"
                    height="NaN"
                    width="NaN"
                    x="0"
                    y="0"
                  />
                </clippath>
              </defs>
              <rect
                class="highcharts-background"
                fill="none"
                height="400"
                rx="0"
                ry="0"
                width="600"
                x="0"
                y="0"
              />
              <rect
                class="highcharts-plot-background"
                fill="none"
                height="NaN"
                width="NaN"
                x="NaN"
                y="10"
              />
              <g
                class="highcharts-grid highcharts-xaxis-grid"
                data-z-index="1"
              >
                <path
                  class="highcharts-grid-line"
                  d="M 0 0"
                  data-z-index="1"
                  fill="none"
                  opacity="1"
                />
                <path
                  class="highcharts-grid-line"
                  d="M 0 0"
                  data-z-index="1"
                  fill="none"
                  opacity="1"
                />
                <path
                  class="highcharts-grid-line"
                  d="M 0 0"
                  data-z-index="1"
                  fill="none"
                  opacity="1"
                />
                <path
                  class="highcharts-grid-line"
                  d="M 0 0"
                  data-z-index="1"
                  fill="none"
                  opacity="1"
                />
                <path
                  class="highcharts-grid-line"
                  d="M 0 0"
                  data-z-index="1"
                  fill="none"
                  opacity="1"
                />
                <path
                  class="highcharts-grid-line"
                  d="M 0 0"
                  data-z-index="1"
                  fill="none"
                  opacity="1"
                />
                <path
                  class="highcharts-grid-line"
                  d="M 0 0"
                  data-z-index="1"
                  fill="none"
                  opacity="1"
                />
                <path
                  class="highcharts-grid-line"
                  d="M 0 0"
                  data-z-index="1"
                  fill="none"
                  opacity="1"
                />
                <path
                  class="highcharts-grid-line"
                  d="M 0 0"
                  data-z-index="1"
                  fill="none"
                  opacity="1"
                />
                <path
                  class="highcharts-grid-line"
                  d="M 0 0"
                  data-z-index="1"
                  fill="none"
                  opacity="1"
                />
                <path
                  class="highcharts-grid-line"
                  d="M 0 0"
                  data-z-index="1"
                  fill="none"
                  opacity="1"
                />
                <path
                  class="highcharts-grid-line"
                  d="M 0 0"
                  data-z-index="1"
                  fill="none"
                  opacity="1"
                />
              </g>
              <g
                class="highcharts-grid highcharts-yaxis-grid"
                data-z-index="1"
              >
                <path
                  class="highcharts-grid-line"
                  d="M 0 0"
                  data-z-index="1"
                  fill="none"
                  opacity="1"
                  stroke="#e6e6e6"
                  stroke-width="1"
                />
                <path
                  class="highcharts-grid-line"
                  d="M 0 0"
                  data-z-index="1"
                  fill="none"
                  opacity="1"
                  stroke="#e6e6e6"
                  stroke-width="1"
                />
                <path
                  class="highcharts-grid-line"
                  d="M 0 0"
                  data-z-index="1"
                  fill="none"
                  opacity="1"
                  stroke="#e6e6e6"
                  stroke-width="1"
                />
                <path
                  class="highcharts-grid-line"
                  d="M 0 0"
                  data-z-index="1"
                  fill="none"
                  opacity="1"
                  stroke="#e6e6e6"
                  stroke-width="1"
                />
                <path
                  class="highcharts-grid-line"
                  d="M 0 0"
                  data-z-index="1"
                  fill="none"
                  opacity="1"
                  stroke="#e6e6e6"
                  stroke-width="1"
                />
              </g>
              <rect
                class="highcharts-plot-border"
                data-z-index="1"
                fill="none"
                height="0"
                width="0"
                x="0"
                y="10"
              />
              <g
                class="highcharts-axis highcharts-xaxis"
                data-z-index="2"
              >
                <path
                  class="highcharts-axis-line"
                  d="M 0 0"
                  data-z-index="7"
                  fill="none"
                  stroke="#ccd6eb"
                  stroke-width="1"
                />
              </g>
              <g
                class="highcharts-axis highcharts-yaxis"
                data-z-index="2"
              >
                <text
                  class="highcharts-axis-title"
                  data-z-index="7"
                  style="color:#666666;fill:#666666;"
                  text-anchor="middle"
                  transform="translate(0,0) rotate(270 0 -9999)"
                  x="0"
                  y="-9999"
                >
                  <tspan>
                    Amount
                  </tspan>
                </text>
                <path
                  class="highcharts-axis-line"
                  d="M 0 0"
                  data-z-index="7"
                  fill="none"
                />
              </g>
              <g
                class="highcharts-series-group"
                data-z-index="3"
              >
                <g
                  class="highcharts-series highcharts-series-0 highcharts-column-series highcharts-color-0 highcharts-tracker"
                  clip-path="url(#highcharts-v3wv9qu-1-)"
                  data-z-index="0.1"
                  opacity="1"
                  transform="translate(0,10) scale(1 0.001)"
                >
                  <rect
                    class="highcharts-point highcharts-color-0"
                    fill="#FBD94F"
                    height="NaN"
                    opacity="1"
                    stroke="#ffffff"
                    stroke-width="1"
                    width="NaN"
                    x="NaN"
                    y="NaN"
                  />
                  <rect
                    class="highcharts-point highcharts-color-0"
                    fill="#FBD94F"
                    height="NaN"
                    opacity="1"
                    stroke="#ffffff"
                    stroke-width="1"
                    width="NaN"
                    x="NaN"
                    y="NaN"
                  />
                  <rect
                    class="highcharts-point highcharts-color-0"
                    fill="#FBD94F"
                    height="NaN"
                    opacity="1"
                    stroke="#ffffff"
                    stroke-width="1"
                    width="NaN"
                    x="NaN"
                    y="NaN"
                  />
                  <rect
                    class="highcharts-point highcharts-color-0"
                    fill="#FBD94F"
                    height="NaN"
                    opacity="1"
                    stroke="#ffffff"
                    stroke-width="1"
                    width="NaN"
                    x="NaN"
                    y="NaN"
                  />
                  <rect
                    class="highcharts-point highcharts-color-0"
                    fill="#FBD94F"
                    height="NaN"
                    opacity="1"
                    stroke="#ffffff"
                    stroke-width="1"
                    width="NaN"
                    x="NaN"
                    y="NaN"
                  />
                  <rect
                    class="highcharts-point highcharts-color-0"
                    fill="#FBD94F"
                    height="NaN"
                    opacity="1"
                    stroke="#ffffff"
                    stroke-width="1"
                    width="NaN"
                    x="NaN"
                    y="NaN"
                  />
                  <rect
                    class="highcharts-point highcharts-color-0"
                    fill="#FBD94F"
                    height="NaN"
                    opacity="1"
                    stroke="#ffffff"
                    stroke-width="1"
                    width="NaN"
                    x="NaN"
                    y="NaN"
                  />
                  <rect
                    class="highcharts-point highcharts-color-0"
                    fill="#FBD94F"
                    height="NaN"
                    opacity="1"
                    stroke="#ffffff"
                    stroke-width="1"
                    width="NaN"
                    x="NaN"
                    y="NaN"
                  />
                  <rect
                    class="highcharts-point highcharts-color-0"
                    fill="#FBD94F"
                    height="NaN"
                    opacity="1"
                    stroke="#ffffff"
                    stroke-width="1"
                    width="NaN"
                    x="NaN"
                    y="NaN"
                  />
                  <rect
                    class="highcharts-point highcharts-color-0"
                    fill="#FBD94F"
                    height="NaN"
                    opacity="1"
                    stroke="#ffffff"
                    stroke-width="1"
                    width="NaN"
                    x="NaN"
                    y="NaN"
                  />
                  <rect
                    class="highcharts-point highcharts-color-0"
                    fill="#FBD94F"
                    height="NaN"
                    opacity="1"
                    stroke="#ffffff"
                    stroke-width="1"
                    width="NaN"
                    x="NaN"
                    y="NaN"
                  />
                </g>
                <g
                  class="highcharts-markers highcharts-series-0 highcharts-column-series highcharts-color-0"
                  data-z-index="0.1"
                  opacity="1"
                  transform="translate(0,10) scale(1 1)"
                />
                <g
                  class="highcharts-series highcharts-series-1 highcharts-column-series highcharts-color-1 highcharts-tracker"
                  clip-path="url(#highcharts-v3wv9qu-1-)"
                  data-z-index="0.1"
                  opacity="1"
                  transform="translate(0,10) scale(1 0.001)"
                >
                  <rect
                    class="highcharts-point highcharts-color-1"
                    fill="#0170F3"
                    height="NaN"
                    opacity="1"
                    stroke="#ffffff"
                    stroke-width="1"
                    width="NaN"
                    x="NaN"
                    y="NaN"
                  />
                  <rect
                    class="highcharts-point highcharts-color-1"
                    fill="#0170F3"
                    height="NaN"
                    opacity="1"
                    stroke="#ffffff"
                    stroke-width="1"
                    width="NaN"
                    x="NaN"
                    y="NaN"
                  />
                  <rect
                    class="highcharts-point highcharts-color-1"
                    fill="#0170F3"
                    height="NaN"
                    opacity="1"
                    stroke="#ffffff"
                    stroke-width="1"
                    width="NaN"
                    x="NaN"
                    y="NaN"
                  />
                  <rect
                    class="highcharts-point highcharts-color-1"
                    fill="#0170F3"
                    height="NaN"
                    opacity="1"
                    stroke="#ffffff"
                    stroke-width="1"
                    width="NaN"
                    x="NaN"
                    y="NaN"
                  />
                  <rect
                    class="highcharts-point highcharts-color-1"
                    fill="#0170F3"
                    height="NaN"
                    opacity="1"
                    stroke="#ffffff"
                    stroke-width="1"
                    width="NaN"
                    x="NaN"
                    y="NaN"
                  />
                  <rect
                    class="highcharts-point highcharts-color-1"
                    fill="#0170F3"
                    height="NaN"
                    opacity="1"
                    stroke="#ffffff"
                    stroke-width="1"
                    width="NaN"
                    x="NaN"
                    y="NaN"
                  />
                  <rect
                    class="highcharts-point highcharts-color-1"
                    fill="#0170F3"
                    height="NaN"
                    opacity="1"
                    stroke="#ffffff"
                    stroke-width="1"
                    width="NaN"
                    x="NaN"
                    y="NaN"
                  />
                  <rect
                    class="highcharts-point highcharts-color-1"
                    fill="#0170F3"
                    height="NaN"
                    opacity="1"
                    stroke="#ffffff"
                    stroke-width="1"
                    width="NaN"
                    x="NaN"
                    y="NaN"
                  />
                  <rect
                    class="highcharts-point highcharts-color-1"
                    fill="#0170F3"
                    height="NaN"
                    opacity="1"
                    stroke="#ffffff"
                    stroke-width="1"
                    width="NaN"
                    x="NaN"
                    y="NaN"
                  />
                  <rect
                    class="highcharts-point highcharts-color-1"
                    fill="#0170F3"
                    height="NaN"
                    opacity="1"
                    stroke="#ffffff"
                    stroke-width="1"
                    width="NaN"
                    x="NaN"
                    y="NaN"
                  />
                  <rect
                    class="highcharts-point highcharts-color-1"
                    fill="#0170F3"
                    height="NaN"
                    opacity="1"
                    stroke="#ffffff"
                    stroke-width="1"
                    width="NaN"
                    x="NaN"
                    y="NaN"
                  />
                </g>
                <g
                  class="highcharts-markers highcharts-series-1 highcharts-column-series highcharts-color-1"
                  data-z-index="0.1"
                  opacity="1"
                  transform="translate(0,10) scale(1 1)"
                />
              </g>
              <text
                class="highcharts-title"
                data-z-index="4"
                style="color:#0170F3;font-size:20px;font-weight:900;fill:#0170F3;"
                text-anchor="middle"
                x="300"
                y="25"
              >
                <tspan>
                  Yearly Breakup
                </tspan>
              </text>
              <text
                class="highcharts-subtitle"
                data-z-index="4"
                style="color:#666666;fill:#666666;"
                text-anchor="middle"
                x="300"
                y="10"
              />
              <text
                class="highcharts-caption"
                data-z-index="4"
                style="color:#666666;fill:#666666;"
                text-anchor="start"
                x="10"
                y="397"
              />
              <g
                class="highcharts-legend"
                data-z-index="7"
                transform="translate(300,362)"
              >
                <rect
                  class="highcharts-legend-box"
                  fill="none"
                  rx="0"
                  ry="0"
                  visibility="visible"
                />
                <g
                  data-z-index="1"
                >
                  <g>
                    <g
                      class="highcharts-legend-item highcharts-column-series highcharts-color-0 highcharts-series-0"
                      data-z-index="1"
                      transform="translate(8,3)"
                    >
                      <text
                        data-z-index="2"
                        style="color:#333333;cursor:pointer;font-size:12px;font-weight:bold;fill:#333333;"
                        text-anchor="start"
                        x="21"
                        y="15"
                      >
                        <tspan>
                          Principle
                        </tspan>
                      </text>
                      <rect
                        class="highcharts-point"
                        data-z-index="3"
                        fill="#FBD94F"
                        height="12"
                        rx="6"
                        ry="6"
                        width="12"
                        x="2"
                        y="4"
                      />
                    </g>
                    <g
                      class="highcharts-legend-item highcharts-column-series highcharts-color-1 highcharts-series-1"
                      data-z-index="1"
                      transform="translate(0,3)"
                    >
                      <text
                        data-z-index="2"
                        style="color:#333333;cursor:pointer;font-size:12px;font-weight:bold;fill:#333333;"
                        text-anchor="start"
                        x="21"
                        y="15"
                      >
                        <tspan>
                          Interest
                        </tspan>
                      </text>
                      <rect
                        class="highcharts-point"
                        data-z-index="3"
                        fill="#0170F3"
                        height="12"
                        rx="6"
                        ry="6"
                        width="12"
                        x="2"
                        y="4"
                      />
                    </g>
                  </g>
                </g>
              </g>
              <g
                class="highcharts-axis-labels highcharts-xaxis-labels"
                data-z-index="7"
              >
                <text
                  style="color:#666666;cursor:default;font-size:11px;fill:#666666;"
                  text-anchor="middle"
                  transform="translate(0,0)"
                  x="0"
                >
                  <tspan>
                    Year 2020
                  </tspan>
                </text>
                <text
                  style="color:#666666;cursor:default;font-size:11px;fill:#666666;"
                  text-anchor="middle"
                  transform="translate(0,0)"
                  x="0"
                >
                  <tspan>
                    Year 2021
                  </tspan>
                </text>
                <text
                  style="color:#666666;cursor:default;font-size:11px;fill:#666666;"
                  text-anchor="middle"
                  transform="translate(0,0)"
                  x="0"
                >
                  <tspan>
                    Year 2022
                  </tspan>
                </text>
                <text
                  style="color:#666666;cursor:default;font-size:11px;fill:#666666;"
                  text-anchor="middle"
                  transform="translate(0,0)"
                  x="0"
                >
                  <tspan>
                    Year 2023
                  </tspan>
                </text>
                <text
                  style="color:#666666;cursor:default;font-size:11px;fill:#666666;"
                  text-anchor="middle"
                  transform="translate(0,0)"
                  x="0"
                >
                  <tspan>
                    Year 2024
                  </tspan>
                </text>
                <text
                  style="color:#666666;cursor:default;font-size:11px;fill:#666666;"
                  text-anchor="middle"
                  transform="translate(0,0)"
                  x="0"
                >
                  <tspan>
                    Year 2025
                  </tspan>
                </text>
                <text
                  style="color:#666666;cursor:default;font-size:11px;fill:#666666;"
                  text-anchor="middle"
                  transform="translate(0,0)"
                  x="0"
                >
                  <tspan>
                    Year 2026
                  </tspan>
                </text>
                <text
                  style="color:#666666;cursor:default;font-size:11px;fill:#666666;"
                  text-anchor="middle"
                  transform="translate(0,0)"
                  x="0"
                >
                  <tspan>
                    Year 2027
                  </tspan>
                </text>
                <text
                  style="color:#666666;cursor:default;font-size:11px;fill:#666666;"
                  text-anchor="middle"
                  transform="translate(0,0)"
                  x="0"
                >
                  <tspan>
                    Year 2028
                  </tspan>
                </text>
                <text
                  style="color:#666666;cursor:default;font-size:11px;fill:#666666;"
                  text-anchor="middle"
                  transform="translate(0,0)"
                  x="0"
                >
                  <tspan>
                    Year 2029
                  </tspan>
                </text>
                <text
                  style="color:#666666;cursor:default;font-size:11px;fill:#666666;"
                  text-anchor="middle"
                  transform="translate(0,0)"
                  x="0"
                >
                  <tspan>
                    Year 2030
                  </tspan>
                </text>
              </g>
              <g
                class="highcharts-axis-labels highcharts-yaxis-labels"
                data-z-index="7"
              >
                <text
                  style="color:#666666;cursor:default;font-size:11px;fill:#666666;"
                  text-anchor="end"
                  transform="translate(0,0)"
                  x="0"
                >
                  0
                </text>
                <text
                  style="color:#666666;cursor:default;font-size:11px;fill:#666666;"
                  text-anchor="end"
                  transform="translate(0,0)"
                  x="0"
                >
                  25
                </text>
                <text
                  style="color:#666666;cursor:default;font-size:11px;fill:#666666;"
                  text-anchor="end"
                  transform="translate(0,0)"
                  x="0"
                >
                  50
                </text>
                <text
                  style="color:#666666;cursor:default;font-size:11px;fill:#666666;"
                  text-anchor="end"
                  transform="translate(0,0)"
                  x="0"
                >
                  75
                </text>
                <text
                  style="color:#666666;cursor:default;font-size:11px;fill:#666666;"
                  text-anchor="end"
                  transform="translate(0,0)"
                  x="0"
                >
                  100
                </text>
              </g>
              <text
                class="highcharts-credits"
                data-z-index="8"
                style="cursor:pointer;color:#999999;font-size:9px;fill:#999999;"
                text-anchor="end"
                x="590"
                y="395"
              >
                Highcharts.com
              </text>
            </svg>
          </div>
        </div>
      </div>
      <div
        class="right"
      >
        <div
          class="chart"
          data-highcharts-chart="1"
          id="container"
          style="overflow: hidden;"
        >
          <div
            class="highcharts-container "
            dir="ltr"
            id="highcharts-v3wv9qu-24"
            style="position: relative; overflow: hidden; width: 600px; height: 400px; text-align: left; line-height: normal; z-index: 0; user-select: none;"
          >
            <svg
              class="highcharts-root"
              height="400"
              style="font-family:\\"Lucida Grande\\", \\"Lucida Sans Unicode\\", Arial, Helvetica, sans-serif;font-size:12px;"
              version="1.1"
              viewBox="0 0 600 400"
              width="600"
              xmlns="http://www.w3.org/2000/svg"
            >
              <desc>
                Created with Highcharts 8.1.2
              </desc>
              <defs>
                <clippath
                  id="highcharts-v3wv9qu-27-"
                >
                  <rect
                    fill="none"
                    height="340"
                    width="580"
                    x="0"
                    y="0"
                  />
                </clippath>
              </defs>
              <rect
                class="highcharts-background"
                fill="none"
                height="400"
                rx="0"
                ry="0"
                width="600"
                x="0"
                y="0"
              />
              <rect
                class="highcharts-plot-background"
                fill="none"
                height="340"
                width="580"
                x="10"
                y="10"
              />
              <rect
                class="highcharts-plot-border"
                data-z-index="1"
                fill="none"
                height="340"
                width="580"
                x="10"
                y="10"
              />
              <g
                class="highcharts-series-group"
                data-z-index="3"
              >
                <g
                  class="highcharts-series highcharts-series-0 highcharts-pie-series highcharts-tracker"
                  data-z-index="0.1"
                  opacity="1"
                  style="cursor:pointer;"
                  transform="translate(10,10) scale(1 1)"
                >
                  <path
                    class="highcharts-point highcharts-color-0"
                    d="M 290 10 A 160 160 0 0 1 289.8400000266667 10.000079999993318 L 290 170 A 0 0 0 0 0 290 170 Z"
                    fill="#FBD94F"
                    opacity="1"
                    stroke="#ffffff"
                    stroke-linejoin="round"
                    stroke-width="1"
                    transform="translate(0,0)"
                  />
                  <path
                    class="highcharts-point highcharts-color-1"
                    d="M 290 10 A 160 160 0 0 1 289.8400000266667 10.000079999993318 L 290 170 A 0 0 0 0 0 290 170 Z"
                    fill="#0170F3"
                    opacity="1"
                    stroke="#ffffff"
                    stroke-linejoin="round"
                    stroke-width="1"
                    transform="translate(0,0)"
                  />
                </g>
                <g
                  class="highcharts-markers highcharts-series-0 highcharts-pie-series"
                  data-z-index="0.1"
                  opacity="1"
                  transform="translate(10,10) scale(1 1)"
                />
              </g>
              <text
                class="highcharts-title"
                data-z-index="4"
                style="color:#0170F3;font-size:20px;font-weight:900;fill:#0170F3;"
                text-anchor="middle"
                x="300"
                y="25"
              >
                <tspan>
                  Total Payment Break up
                </tspan>
              </text>
              <text
                class="highcharts-subtitle"
                data-z-index="4"
                style="color:#666666;fill:#666666;"
                text-anchor="middle"
                x="300"
                y="10"
              />
              <text
                class="highcharts-caption"
                data-z-index="4"
                style="color:#666666;fill:#666666;"
                text-anchor="start"
                x="10"
                y="397"
              />
              <g
                class="highcharts-data-labels highcharts-series-0 highcharts-pie-series highcharts-tracker"
                data-z-index="6"
                opacity="0"
                style="cursor:pointer;"
                transform="translate(10,10) scale(1 1)"
                visibility="hidden"
              >
                <path
                  class="highcharts-data-label-connector highcharts-color-0"
                  d="M 469.2325088299299 245.78280060032353 C 464.2325088299299 245.78280060032353 447.72627115130496 238.60337738555603 442.22419192509665 236.21023631396687 L 436.72211269888834 233.81709524237772"
                  fill="none"
                  stroke="#FBD94F"
                  stroke-width="1"
                />
                <path
                  class="highcharts-data-label-connector highcharts-color-1"
                  d="M 110.76749117007009 94.21719939967647 C 115.76749117007009 94.21719939967647 132.27372884869504 101.39662261444396 137.77580807490335 103.78976368603313 L 143.27788730111166 106.1829047576223"
                  fill="none"
                  stroke="#0170F3"
                  stroke-width="1"
                />
                <g
                  class="highcharts-label highcharts-data-label highcharts-data-label-color-0"
                  data-z-index="1"
                  transform="translate(474,236)"
                >
                  <text
                    data-z-index="1"
                    style="color:#000000;cursor:pointer;font-size:11px;font-weight:bold;fill:#000000;"
                    x="5"
                    y="16"
                  >
                    <tspan>
                      Principal
                    </tspan>
                  </text>
                </g>
                <g
                  class="highcharts-label highcharts-data-label highcharts-data-label-color-1"
                  data-z-index="1"
                  transform="translate(0,84)"
                >
                  <text
                    data-z-index="1"
                    style="color:#000000;cursor:pointer;font-size:11px;font-weight:bold;fill:#000000;"
                    x="5"
                    y="16"
                  >
                    <tspan>
                      Interest
                    </tspan>
                  </text>
                </g>
              </g>
              <g
                class="highcharts-legend"
                data-z-index="7"
                transform="translate(300,362)"
              >
                <rect
                  class="highcharts-legend-box"
                  fill="none"
                  rx="0"
                  ry="0"
                  visibility="visible"
                />
                <g
                  data-z-index="1"
                >
                  <g>
                    <g
                      class="highcharts-legend-item highcharts-pie-series highcharts-color-0"
                      data-z-index="1"
                      transform="translate(8,3)"
                    >
                      <text
                        data-z-index="2"
                        style="color:#333333;cursor:pointer;font-size:12px;font-weight:bold;fill:#333333;"
                        text-anchor="start"
                        x="21"
                        y="15"
                      >
                        <tspan>
                          Principal
                        </tspan>
                      </text>
                      <rect
                        class="highcharts-point"
                        data-z-index="3"
                        fill="#FBD94F"
                        height="12"
                        rx="6"
                        ry="6"
                        width="12"
                        x="2"
                        y="4"
                      />
                    </g>
                    <g
                      class="highcharts-legend-item highcharts-pie-series highcharts-color-1"
                      data-z-index="1"
                      transform="translate(0,3)"
                    >
                      <text
                        data-z-index="2"
                        style="color:#333333;cursor:pointer;font-size:12px;font-weight:bold;fill:#333333;"
                        text-anchor="start"
                        x="21"
                        y="15"
                      >
                        <tspan>
                          Interest
                        </tspan>
                      </text>
                      <rect
                        class="highcharts-point"
                        data-z-index="3"
                        fill="#0170F3"
                        height="12"
                        rx="6"
                        ry="6"
                        width="12"
                        x="2"
                        y="4"
                      />
                    </g>
                  </g>
                </g>
              </g>
              <text
                class="highcharts-credits"
                data-z-index="8"
                style="cursor:pointer;color:#999999;font-size:9px;fill:#999999;"
                text-anchor="end"
                x="590"
                y="395"
              >
                Highcharts.com
              </text>
            </svg>
          </div>
        </div>
      </div>
    </div>
    <div
      class="table"
    >
      <div
        class="title"
      >
        <h2
          class="background double"
        >
          <span>
             🎯 Monthly EMI Breakup 🎯
          </span>
        </h2>
      </div>
      <table>
        <thead>
          <tr>
            <th>
              Month
            </th>
            <th>
              Principal
            </th>
            <th>
              Interest
            </th>
            <th>
              Principal + Interest
            </th>
            <th>
              Balance
            </th>
          </tr>
        </thead>
        <tbody>
          <tr>
            <td>
              Aug, 2020
            </td>
            <td>
              ₹4,882.00
            </td>
            <td>
              ₹8,333.00
            </td>
            <td>
              ₹13,215.00
            </td>
            <td>
              ₹995,118.00
            </td>
          </tr>
          <tr>
            <td>
              Sep, 2020
            </td>
            <td>
              ₹4,923.00
            </td>
            <td>
              ₹8,292.00
            </td>
            <td>
              ₹13,215.00
            </td>
            <td>
              ₹990,195.00
            </td>
          </tr>
          <tr>
            <td>
              Oct, 2020
            </td>
            <td>
              ₹4,964.00
            </td>
            <td>
              ₹8,251.00
            </td>
            <td>
              ₹13,215.00
            </td>
            <td>
              ₹985,231.00
            </td>
          </tr>
          <tr>
            <td>
              Nov, 2020
            </td>
            <td>
              ₹5,005.00
            </td>
            <td>
              ₹8,210.00
            </td>
            <td>
              ₹13,215.00
            </td>
            <td>
              ₹980,226.00
            </td>
          </tr>
          <tr>
            <td>
              Dec, 2020
            </td>
            <td>
              ₹5,047.00
            </td>
            <td>
              ₹8,168.00
            </td>
            <td>
              ₹13,215.00
            </td>
            <td>
              ₹975,179.00
            </td>
          </tr>
          <tr
            class="year"
          >
            <td>
              2020
            </td>
            <td>
              ₹24,821.00
            </td>
            <td>
              ₹41,254.00
            </td>
            <td>
              ₹66,075.00
            </td>
            <td>
              ₹975,179.00
            </td>
          </tr>
          <tr>
            <td>
              Jan, 2021
            </td>
            <td>
              ₹5,089.00
            </td>
            <td>
              ₹8,126.00
            </td>
            <td>
              ₹13,215.00
            </td>
            <td>
              ₹970,090.00
            </td>
          </tr>
          <tr>
            <td>
              Feb, 2021
            </td>
            <td>
              ₹5,131.00
            </td>
            <td>
              ₹8,084.00
            </td>
            <td>
              ₹13,215.00
            </td>
            <td>
              ₹964,959.00
            </td>
          </tr>
          <tr>
            <td>
              Mar, 2021
            </td>
            <td>
              ₹5,174.00
            </td>
            <td>
              ₹8,041.00
            </td>
            <td>
              ₹13,215.00
            </td>
            <td>
              ₹959,785.00
            </td>
          </tr>
          <tr>
            <td>
              Apr, 2021
            </td>
            <td>
              ₹5,217.00
            </td>
            <td>
              ₹7,998.00
            </td>
            <td>
              ₹13,215.00
            </td>
            <td>
              ₹954,568.00
            </td>
          </tr>
          <tr>
            <td>
              May, 2021
            </td>
            <td>
              ₹5,261.00
            </td>
            <td>
              ₹7,954.00
            </td>
            <td>
              ₹13,215.00
            </td>
            <td>
              ₹949,307.00
            </td>
          </tr>
          <tr>
            <td>
              Jun, 2021
            </td>
            <td>
              ₹5,305.00
            </td>
            <td>
              ₹7,910.00
            </td>
            <td>
              ₹13,215.00
            </td>
            <td>
              ₹944,002.00
            </td>
          </tr>
          <tr>
            <td>
              Jul, 2021
            </td>
            <td>
              ₹5,349.00
            </td>
            <td>
              ₹7,866.00
            </td>
            <td>
              ₹13,215.00
            </td>
            <td>
              ₹938,653.00
            </td>
          </tr>
          <tr>
            <td>
              Aug, 2021
            </td>
            <td>
              ₹5,393.00
            </td>
            <td>
              ₹7,822.00
            </td>
            <td>
              ₹13,215.00
            </td>
            <td>
              ₹933,260.00
            </td>
          </tr>
          <tr>
            <td>
              Sep, 2021
            </td>
            <td>
              ₹5,438.00
            </td>
            <td>
              ₹7,777.00
            </td>
            <td>
              ₹13,215.00
            </td>
            <td>
              ₹927,822.00
            </td>
          </tr>
          <tr>
            <td>
              Oct, 2021
            </td>
            <td>
              ₹5,484.00
            </td>
            <td>
              ₹7,731.00
            </td>
            <td>
              ₹13,215.00
            </td>
            <td>
              ₹922,338.00
            </td>
          </tr>
          <tr>
            <td>
              Nov, 2021
            </td>
            <td>
              ₹5,529.00
            </td>
            <td>
              ₹7,686.00
            </td>
            <td>
              ₹13,215.00
            </td>
            <td>
              ₹916,809.00
            </td>
          </tr>
          <tr>
            <td>
              Dec, 2021
            </td>
            <td>
              ₹5,575.00
            </td>
            <td>
              ₹7,640.00
            </td>
            <td>
              ₹13,215.00
            </td>
            <td>
              ₹911,234.00
            </td>
          </tr>
          <tr
            class="year"
          >
            <td>
              2021
            </td>
            <td>
              ₹63,945.00
            </td>
            <td>
              ₹94,635.00
            </td>
            <td>
              ₹158,580.00
            </td>
            <td>
              ₹911,234.00
            </td>
          </tr>
          <tr>
            <td>
              Jan, 2022
            </td>
            <td>
              ₹5,622.00
            </td>
            <td>
              ₹7,593.00
            </td>
            <td>
              ₹13,215.00
            </td>
            <td>
              ₹905,612.00
            </td>
          </tr>
          <tr>
            <td>
              Feb, 2022
            </td>
            <td>
              ₹5,669.00
            </td>
            <td>
              ₹7,546.00
            </td>
            <td>
              ₹13,215.00
            </td>
            <td>
              ₹899,943.00
            </td>
          </tr>
          <tr>
            <td>
              Mar, 2022
            </td>
            <td>
              ₹5,716.00
            </td>
            <td>
              ₹7,499.00
            </td>
            <td>
              ₹13,215.00
            </td>
            <td>
              ₹894,227.00
            </td>
          </tr>
          <tr>
            <td>
              Apr, 2022
            </td>
            <td>
              ₹5,764.00
            </td>
            <td>
              ₹7,451.00
            </td>
            <td>
              ₹13,215.00
            </td>
            <td>
              ₹888,463.00
            </td>
          </tr>
          <tr>
            <td>
              May, 2022
            </td>
            <td>
              ₹5,812.00
            </td>
            <td>
              ₹7,403.00
            </td>
            <td>
              ₹13,215.00
            </td>
            <td>
              ₹882,651.00
            </td>
          </tr>
          <tr>
            <td>
              Jun, 2022
            </td>
            <td>
              ₹5,860.00
            </td>
            <td>
              ₹7,355.00
            </td>
            <td>
              ₹13,215.00
            </td>
            <td>
              ₹876,791.00
            </td>
          </tr>
          <tr>
            <td>
              Jul, 2022
            </td>
            <td>
              ₹5,909.00
            </td>
            <td>
              ₹7,306.00
            </td>
            <td>
              ₹13,215.00
            </td>
            <td>
              ₹870,882.00
            </td>
          </tr>
          <tr>
            <td>
              Aug, 2022
            </td>
            <td>
              ₹5,958.00
            </td>
            <td>
              ₹7,257.00
            </td>
            <td>
              ₹13,215.00
            </td>
            <td>
              ₹864,924.00
            </td>
          </tr>
          <tr>
            <td>
              Sep, 2022
            </td>
            <td>
              ₹6,008.00
            </td>
            <td>
              ₹7,207.00
            </td>
            <td>
              ₹13,215.00
            </td>
            <td>
              ₹858,916.00
            </td>
          </tr>
          <tr>
            <td>
              Oct, 2022
            </td>
            <td>
              ₹6,058.00
            </td>
            <td>
              ₹7,157.00
            </td>
            <td>
              ₹13,215.00
            </td>
            <td>
              ₹852,858.00
            </td>
          </tr>
          <tr>
            <td>
              Nov, 2022
            </td>
            <td>
              ₹6,108.00
            </td>
            <td>
              ₹7,107.00
            </td>
            <td>
              ₹13,215.00
            </td>
            <td>
              ₹846,750.00
            </td>
          </tr>
          <tr>
            <td>
              Dec, 2022
            </td>
            <td>
              ₹6,159.00
            </td>
            <td>
              ₹7,056.00
            </td>
            <td>
              ₹13,215.00
            </td>
            <td>
              ₹840,591.00
            </td>
          </tr>
          <tr
            class="year"
          >
            <td>
              2022
            </td>
            <td>
              ₹70,643.00
            </td>
            <td>
              ₹87,937.00
            </td>
            <td>
              ₹158,580.00
            </td>
            <td>
              ₹840,591.00
            </td>
          </tr>
          <tr>
            <td>
              Jan, 2023
            </td>
            <td>
              ₹6,211.00
            </td>
            <td>
              ₹7,004.00
            </td>
            <td>
              ₹13,215.00
            </td>
            <td>
              ₹834,380.00
            </td>
          </tr>
          <tr>
            <td>
              Feb, 2023
            </td>
            <td>
              ₹6,262.00
            </td>
            <td>
              ₹6,953.00
            </td>
            <td>
              ₹13,215.00
            </td>
            <td>
              ₹828,118.00
            </td>
          </tr>
          <tr>
            <td>
              Mar, 2023
            </td>
            <td>
              ₹6,315.00
            </td>
            <td>
              ₹6,900.00
            </td>
            <td>
              ₹13,215.00
            </td>
            <td>
              ₹821,803.00
            </td>
          </tr>
          <tr>
            <td>
              Apr, 2023
            </td>
            <td>
              ₹6,367.00
            </td>
            <td>
              ₹6,848.00
            </td>
            <td>
              ₹13,215.00
            </td>
            <td>
              ₹815,436.00
            </td>
          </tr>
          <tr>
            <td>
              May, 2023
            </td>
            <td>
              ₹6,420.00
            </td>
            <td>
              ₹6,795.00
            </td>
            <td>
              ₹13,215.00
            </td>
            <td>
              ₹809,016.00
            </td>
          </tr>
          <tr>
            <td>
              Jun, 2023
            </td>
            <td>
              ₹6,474.00
            </td>
            <td>
              ₹6,741.00
            </td>
            <td>
              ₹13,215.00
            </td>
            <td>
              ₹802,542.00
            </td>
          </tr>
          <tr>
            <td>
              Jul, 2023
            </td>
            <td>
              ₹6,528.00
            </td>
            <td>
              ₹6,687.00
            </td>
            <td>
              ₹13,215.00
            </td>
            <td>
              ₹796,014.00
            </td>
          </tr>
          <tr>
            <td>
              Aug, 2023
            </td>
            <td>
              ₹6,582.00
            </td>
            <td>
              ₹6,633.00
            </td>
            <td>
              ₹13,215.00
            </td>
            <td>
              ₹789,432.00
            </td>
          </tr>
          <tr>
            <td>
              Sep, 2023
            </td>
            <td>
              ₹6,637.00
            </td>
            <td>
              ₹6,578.00
            </td>
            <td>
              ₹13,215.00
            </td>
            <td>
              ₹782,795.00
            </td>
          </tr>
          <tr>
            <td>
              Oct, 2023
            </td>
            <td>
              ₹6,692.00
            </td>
            <td>
              ₹6,523.00
            </td>
            <td>
              ₹13,215.00
            </td>
            <td>
              ₹776,103.00
            </td>
          </tr>
          <tr>
            <td>
              Nov, 2023
            </td>
            <td>
              ₹6,748.00
            </td>
            <td>
              ₹6,467.00
            </td>
            <td>
              ₹13,215.00
            </td>
            <td>
              ₹769,355.00
            </td>
          </tr>
          <tr>
            <td>
              Dec, 2023
            </td>
            <td>
              ₹6,804.00
            </td>
            <td>
              ₹6,411.00
            </td>
            <td>
              ₹13,215.00
            </td>
            <td>
              ₹762,551.00
            </td>
          </tr>
          <tr
            class="year"
          >
            <td>
              2023
            </td>
            <td>
              ₹78,040.00
            </td>
            <td>
              ₹80,540.00
            </td>
            <td>
              ₹158,580.00
            </td>
            <td>
              ₹762,551.00
            </td>
          </tr>
          <tr>
            <td>
              Jan, 2024
            </td>
            <td>
              ₹6,861.00
            </td>
            <td>
              ₹6,354.00
            </td>
            <td>
              ₹13,215.00
            </td>
            <td>
              ₹755,690.00
            </td>
          </tr>
          <tr>
            <td>
              Feb, 2024
            </td>
            <td>
              ₹6,918.00
            </td>
            <td>
              ₹6,297.00
            </td>
            <td>
              ₹13,215.00
            </td>
            <td>
              ₹748,772.00
            </td>
          </tr>
          <tr>
            <td>
              Mar, 2024
            </td>
            <td>
              ₹6,976.00
            </td>
            <td>
              ₹6,239.00
            </td>
            <td>
              ₹13,215.00
            </td>
            <td>
              ₹741,796.00
            </td>
          </tr>
          <tr>
            <td>
              Apr, 2024
            </td>
            <td>
              ₹7,034.00
            </td>
            <td>
              ₹6,181.00
            </td>
            <td>
              ₹13,215.00
            </td>
            <td>
              ₹734,762.00
            </td>
          </tr>
          <tr>
            <td>
              May, 2024
            </td>
            <td>
              ₹7,092.00
            </td>
            <td>
              ₹6,123.00
            </td>
            <td>
              ₹13,215.00
            </td>
            <td>
              ₹727,670.00
            </td>
          </tr>
          <tr>
            <td>
              Jun, 2024
            </td>
            <td>
              ₹7,152.00
            </td>
            <td>
              ₹6,063.00
            </td>
            <td>
              ₹13,215.00
            </td>
            <td>
              ₹720,518.00
            </td>
          </tr>
          <tr>
            <td>
              Jul, 2024
            </td>
            <td>
              ₹7,211.00
            </td>
            <td>
              ₹6,004.00
            </td>
            <td>
              ₹13,215.00
            </td>
            <td>
              ₹713,307.00
            </td>
          </tr>
          <tr>
            <td>
              Aug, 2024
            </td>
            <td>
              ₹7,271.00
            </td>
            <td>
              ₹5,944.00
            </td>
            <td>
              ₹13,215.00
            </td>
            <td>
              ₹706,036.00
            </td>
          </tr>
          <tr>
            <td>
              Sep, 2024
            </td>
            <td>
              ₹7,332.00
            </td>
            <td>
              ₹5,883.00
            </td>
            <td>
              ₹13,215.00
            </td>
            <td>
              ₹698,704.00
            </td>
          </tr>
          <tr>
            <td>
              Oct, 2024
            </td>
            <td>
              ₹7,393.00
            </td>
            <td>
              ₹5,822.00
            </td>
            <td>
              ₹13,215.00
            </td>
            <td>
              ₹691,311.00
            </td>
          </tr>
          <tr>
            <td>
              Nov, 2024
            </td>
            <td>
              ₹7,455.00
            </td>
            <td>
              ₹5,760.00
            </td>
            <td>
              ₹13,215.00
            </td>
            <td>
              ₹683,856.00
            </td>
          </tr>
          <tr>
            <td>
              Dec, 2024
            </td>
            <td>
              ₹7,517.00
            </td>
            <td>
              ₹5,698.00
            </td>
            <td>
              ₹13,215.00
            </td>
            <td>
              ₹676,339.00
            </td>
          </tr>
          <tr
            class="year"
          >
            <td>
              2024
            </td>
            <td>
              ₹86,212.00
            </td>
            <td>
              ₹72,368.00
            </td>
            <td>
              ₹158,580.00
            </td>
            <td>
              ₹676,339.00
            </td>
          </tr>
          <tr>
            <td>
              Jan, 2025
            </td>
            <td>
              ₹7,579.00
            </td>
            <td>
              ₹5,636.00
            </td>
            <td>
              ₹13,215.00
            </td>
            <td>
              ₹668,760.00
            </td>
          </tr>
          <tr>
            <td>
              Feb, 2025
            </td>
            <td>
              ₹7,642.00
            </td>
            <td>
              ₹5,573.00
            </td>
            <td>
              ₹13,215.00
            </td>
            <td>
              ₹661,118.00
            </td>
          </tr>
          <tr>
            <td>
              Mar, 2025
            </td>
            <td>
              ₹7,706.00
            </td>
            <td>
              ₹5,509.00
            </td>
            <td>
              ₹13,215.00
            </td>
            <td>
              ₹653,412.00
            </td>
          </tr>
          <tr>
            <td>
              Apr, 2025
            </td>
            <td>
              ₹7,770.00
            </td>
            <td>
              ₹5,445.00
            </td>
            <td>
              ₹13,215.00
            </td>
            <td>
              ₹645,642.00
            </td>
          </tr>
          <tr>
            <td>
              May, 2025
            </td>
            <td>
              ₹7,835.00
            </td>
            <td>
              ₹5,380.00
            </td>
            <td>
              ₹13,215.00
            </td>
            <td>
              ₹637,807.00
            </td>
          </tr>
          <tr>
            <td>
              Jun, 2025
            </td>
            <td>
              ₹7,900.00
            </td>
            <td>
              ₹5,315.00
            </td>
            <td>
              ₹13,215.00
            </td>
            <td>
              ₹629,907.00
            </td>
          </tr>
          <tr>
            <td>
              Jul, 2025
            </td>
            <td>
              ₹7,966.00
            </td>
            <td>
              ₹5,249.00
            </td>
            <td>
              ₹13,215.00
            </td>
            <td>
              ₹621,941.00
            </td>
          </tr>
          <tr>
            <td>
              Aug, 2025
            </td>
            <td>
              ₹8,033.00
            </td>
            <td>
              ₹5,182.00
            </td>
            <td>
              ₹13,215.00
            </td>
            <td>
              ₹613,908.00
            </td>
          </tr>
          <tr>
            <td>
              Sep, 2025
            </td>
            <td>
              ₹8,100.00
            </td>
            <td>
              ₹5,115.00
            </td>
            <td>
              ₹13,215.00
            </td>
            <td>
              ₹605,808.00
            </td>
          </tr>
          <tr>
            <td>
              Oct, 2025
            </td>
            <td>
              ₹8,167.00
            </td>
            <td>
              ₹5,048.00
            </td>
            <td>
              ₹13,215.00
            </td>
            <td>
              ₹597,641.00
            </td>
          </tr>
          <tr>
            <td>
              Nov, 2025
            </td>
            <td>
              ₹8,235.00
            </td>
            <td>
              ₹4,980.00
            </td>
            <td>
              ₹13,215.00
            </td>
            <td>
              ₹589,406.00
            </td>
          </tr>
          <tr>
            <td>
              Dec, 2025
            </td>
            <td>
              ₹8,304.00
            </td>
            <td>
              ₹4,911.00
            </td>
            <td>
              ₹13,215.00
            </td>
            <td>
              ₹581,102.00
            </td>
          </tr>
          <tr
            class="year"
          >
            <td>
              2025
            </td>
            <td>
              ₹95,237.00
            </td>
            <td>
              ₹63,343.00
            </td>
            <td>
              ₹158,580.00
            </td>
            <td>
              ₹581,102.00
            </td>
          </tr>
          <tr>
            <td>
              Jan, 2026
            </td>
            <td>
              ₹8,373.00
            </td>
            <td>
              ₹4,842.00
            </td>
            <td>
              ₹13,215.00
            </td>
            <td>
              ₹572,729.00
            </td>
          </tr>
          <tr>
            <td>
              Feb, 2026
            </td>
            <td>
              ₹8,443.00
            </td>
            <td>
              ₹4,772.00
            </td>
            <td>
              ₹13,215.00
            </td>
            <td>
              ₹564,286.00
            </td>
          </tr>
          <tr>
            <td>
              Mar, 2026
            </td>
            <td>
              ₹8,513.00
            </td>
            <td>
              ₹4,702.00
            </td>
            <td>
              ₹13,215.00
            </td>
            <td>
              ₹555,773.00
            </td>
          </tr>
          <tr>
            <td>
              Apr, 2026
            </td>
            <td>
              ₹8,584.00
            </td>
            <td>
              ₹4,631.00
            </td>
            <td>
              ₹13,215.00
            </td>
            <td>
              ₹547,189.00
            </td>
          </tr>
          <tr>
            <td>
              May, 2026
            </td>
            <td>
              ₹8,656.00
            </td>
            <td>
              ₹4,559.00
            </td>
            <td>
              ₹13,215.00
            </td>
            <td>
              ₹538,533.00
            </td>
          </tr>
          <tr>
            <td>
              Jun, 2026
            </td>
            <td>
              ₹8,728.00
            </td>
            <td>
              ₹4,487.00
            </td>
            <td>
              ₹13,215.00
            </td>
            <td>
              ₹529,805.00
            </td>
          </tr>
          <tr>
            <td>
              Jul, 2026
            </td>
            <td>
              ₹8,800.00
            </td>
            <td>
              ₹4,415.00
            </td>
            <td>
              ₹13,215.00
            </td>
            <td>
              ₹521,005.00
            </td>
          </tr>
          <tr>
            <td>
              Aug, 2026
            </td>
            <td>
              ₹8,874.00
            </td>
            <td>
              ₹4,341.00
            </td>
            <td>
              ₹13,215.00
            </td>
            <td>
              ₹512,131.00
            </td>
          </tr>
          <tr>
            <td>
              Sep, 2026
            </td>
            <td>
              ₹8,948.00
            </td>
            <td>
              ₹4,267.00
            </td>
            <td>
              ₹13,215.00
            </td>
            <td>
              ₹503,183.00
            </td>
          </tr>
          <tr>
            <td>
              Oct, 2026
            </td>
            <td>
              ₹9,022.00
            </td>
            <td>
              ₹4,193.00
            </td>
            <td>
              ₹13,215.00
            </td>
            <td>
              ₹494,161.00
            </td>
          </tr>
          <tr>
            <td>
              Nov, 2026
            </td>
            <td>
              ₹9,097.00
            </td>
            <td>
              ₹4,118.00
            </td>
            <td>
              ₹13,215.00
            </td>
            <td>
              ₹485,064.00
            </td>
          </tr>
          <tr>
            <td>
              Dec, 2026
            </td>
            <td>
              ₹9,173.00
            </td>
            <td>
              ₹4,042.00
            </td>
            <td>
              ₹13,215.00
            </td>
            <td>
              ₹475,891.00
            </td>
          </tr>
          <tr
            class="year"
          >
            <td>
              2026
            </td>
            <td>
              ₹105,211.00
            </td>
            <td>
              ₹53,369.00
            </td>
            <td>
              ₹158,580.00
            </td>
            <td>
              ₹475,891.00
            </td>
          </tr>
          <tr>
            <td>
              Jan, 2027
            </td>
            <td>
              ₹9,250.00
            </td>
            <td>
              ₹3,965.00
            </td>
            <td>
              ₹13,215.00
            </td>
            <td>
              ₹466,641.00
            </td>
          </tr>
          <tr>
            <td>
              Feb, 2027
            </td>
            <td>
              ₹9,327.00
            </td>
            <td>
              ₹3,888.00
            </td>
            <td>
              ₹13,215.00
            </td>
            <td>
              ₹457,314.00
            </td>
          </tr>
          <tr>
            <td>
              Mar, 2027
            </td>
            <td>
              ₹9,405.00
            </td>
            <td>
              ₹3,810.00
            </td>
            <td>
              ₹13,215.00
            </td>
            <td>
              ₹447,909.00
            </td>
          </tr>
          <tr>
            <td>
              Apr, 2027
            </td>
            <td>
              ₹9,483.00
            </td>
            <td>
              ₹3,732.00
            </td>
            <td>
              ₹13,215.00
            </td>
            <td>
              ₹438,426.00
            </td>
          </tr>
          <tr>
            <td>
              May, 2027
            </td>
            <td>
              ₹9,562.00
            </td>
            <td>
              ₹3,653.00
            </td>
            <td>
              ₹13,215.00
            </td>
            <td>
              ₹428,864.00
            </td>
          </tr>
          <tr>
            <td>
              Jun, 2027
            </td>
            <td>
              ₹9,642.00
            </td>
            <td>
              ₹3,573.00
            </td>
            <td>
              ₹13,215.00
            </td>
            <td>
              ₹419,222.00
            </td>
          </tr>
          <tr>
            <td>
              Jul, 2027
            </td>
            <td>
              ₹9,722.00
            </td>
            <td>
              ₹3,493.00
            </td>
            <td>
              ₹13,215.00
            </td>
            <td>
              ₹409,500.00
            </td>
          </tr>
          <tr>
            <td>
              Aug, 2027
            </td>
            <td>
              ₹9,803.00
            </td>
            <td>
              ₹3,412.00
            </td>
            <td>
              ₹13,215.00
            </td>
            <td>
              ₹399,697.00
            </td>
          </tr>
          <tr>
            <td>
              Sep, 2027
            </td>
            <td>
              ₹9,885.00
            </td>
            <td>
              ₹3,330.00
            </td>
            <td>
              ₹13,215.00
            </td>
            <td>
              ₹389,812.00
            </td>
          </tr>
          <tr>
            <td>
              Oct, 2027
            </td>
            <td>
              ₹9,967.00
            </td>
            <td>
              ₹3,248.00
            </td>
            <td>
              ₹13,215.00
            </td>
            <td>
              ₹379,845.00
            </td>
          </tr>
          <tr>
            <td>
              Nov, 2027
            </td>
            <td>
              ₹10,050.00
            </td>
            <td>
              ₹3,165.00
            </td>
            <td>
              ₹13,215.00
            </td>
            <td>
              ₹369,795.00
            </td>
          </tr>
          <tr>
            <td>
              Dec, 2027
            </td>
            <td>
              ₹10,134.00
            </td>
            <td>
              ₹3,081.00
            </td>
            <td>
              ₹13,215.00
            </td>
            <td>
              ₹359,661.00
            </td>
          </tr>
          <tr
            class="year"
          >
            <td>
              2027
            </td>
            <td>
              ₹116,230.00
            </td>
            <td>
              ₹42,350.00
            </td>
            <td>
              ₹158,580.00
            </td>
            <td>
              ₹359,661.00
            </td>
          </tr>
          <tr>
            <td>
              Jan, 2028
            </td>
            <td>
              ₹10,218.00
            </td>
            <td>
              ₹2,997.00
            </td>
            <td>
              ₹13,215.00
            </td>
            <td>
              ₹349,443.00
            </td>
          </tr>
          <tr>
            <td>
              Feb, 2028
            </td>
            <td>
              ₹10,303.00
            </td>
            <td>
              ₹2,912.00
            </td>
            <td>
              ₹13,215.00
            </td>
            <td>
              ₹339,140.00
            </td>
          </tr>
          <tr>
            <td>
              Mar, 2028
            </td>
            <td>
              ₹10,389.00
            </td>
            <td>
              ₹2,826.00
            </td>
            <td>
              ₹13,215.00
            </td>
            <td>
              ₹328,751.00
            </td>
          </tr>
          <tr>
            <td>
              Apr, 2028
            </td>
            <td>
              ₹10,476.00
            </td>
            <td>
              ₹2,739.00
            </td>
            <td>
              ₹13,215.00
            </td>
            <td>
              ₹318,275.00
            </td>
          </tr>
          <tr>
            <td>
              May, 2028
            </td>
            <td>
              ₹10,563.00
            </td>
            <td>
              ₹2,652.00
            </td>
            <td>
              ₹13,215.00
            </td>
            <td>
              ₹307,712.00
            </td>
          </tr>
          <tr>
            <td>
              Jun, 2028
            </td>
            <td>
              ₹10,651.00
            </td>
            <td>
              ₹2,564.00
            </td>
            <td>
              ₹13,215.00
            </td>
            <td>
              ₹297,061.00
            </td>
          </tr>
          <tr>
            <td>
              Jul, 2028
            </td>
            <td>
              ₹10,740.00
            </td>
            <td>
              ₹2,475.00
            </td>
            <td>
              ₹13,215.00
            </td>
            <td>
              ₹286,321.00
            </td>
          </tr>
          <tr>
            <td>
              Aug, 2028
            </td>
            <td>
              ₹10,829.00
            </td>
            <td>
              ₹2,386.00
            </td>
            <td>
              ₹13,215.00
            </td>
            <td>
              ₹275,492.00
            </td>
          </tr>
          <tr>
            <td>
              Sep, 2028
            </td>
            <td>
              ₹10,920.00
            </td>
            <td>
              ₹2,295.00
            </td>
            <td>
              ₹13,215.00
            </td>
            <td>
              ₹264,572.00
            </td>
          </tr>
          <tr>
            <td>
              Oct, 2028
            </td>
            <td>
              ₹11,011.00
            </td>
            <td>
              ₹2,204.00
            </td>
            <td>
              ₹13,215.00
            </td>
            <td>
              ₹253,561.00
            </td>
          </tr>
          <tr>
            <td>
              Nov, 2028
            </td>
            <td>
              ₹11,102.00
            </td>
            <td>
              ₹2,113.00
            </td>
            <td>
              ₹13,215.00
            </td>
            <td>
              ₹242,459.00
            </td>
          </tr>
          <tr>
            <td>
              Dec, 2028
            </td>
            <td>
              ₹11,195.00
            </td>
            <td>
              ₹2,020.00
            </td>
            <td>
              ₹13,215.00
            </td>
            <td>
              ₹231,264.00
            </td>
          </tr>
          <tr
            class="year"
          >
            <td>
              2028
            </td>
            <td>
              ₹128,397.00
            </td>
            <td>
              ₹30,183.00
            </td>
            <td>
              ₹158,580.00
            </td>
            <td>
              ₹231,264.00
            </td>
          </tr>
          <tr>
            <td>
              Jan, 2029
            </td>
            <td>
              ₹11,288.00
            </td>
            <td>
              ₹1,927.00
            </td>
            <td>
              ₹13,215.00
            </td>
            <td>
              ₹219,976.00
            </td>
          </tr>
          <tr>
            <td>
              Feb, 2029
            </td>
            <td>
              ₹11,382.00
            </td>
            <td>
              ₹1,833.00
            </td>
            <td>
              ₹13,215.00
            </td>
            <td>
              ₹208,594.00
            </td>
          </tr>
          <tr>
            <td>
              Mar, 2029
            </td>
            <td>
              ₹11,477.00
            </td>
            <td>
              ₹1,738.00
            </td>
            <td>
              ₹13,215.00
            </td>
            <td>
              ₹197,117.00
            </td>
          </tr>
          <tr>
            <td>
              Apr, 2029
            </td>
            <td>
              ₹11,573.00
            </td>
            <td>
              ₹1,642.00
            </td>
            <td>
              ₹13,215.00
            </td>
            <td>
              ₹185,544.00
            </td>
          </tr>
          <tr>
            <td>
              May, 2029
            </td>
            <td>
              ₹11,669.00
            </td>
            <td>
              ₹1,546.00
            </td>
            <td>
              ₹13,215.00
            </td>
            <td>
              ₹173,875.00
            </td>
          </tr>
          <tr>
            <td>
              Jun, 2029
            </td>
            <td>
              ₹11,767.00
            </td>
            <td>
              ₹1,448.00
            </td>
            <td>
              ₹13,215.00
            </td>
            <td>
              ₹162,108.00
            </td>
          </tr>
          <tr>
            <td>
              Jul, 2029
            </td>
            <td>
              ₹11,865.00
            </td>
            <td>
              ₹1,350.00
            </td>
            <td>
              ₹13,215.00
            </td>
            <td>
              ₹150,243.00
            </td>
          </tr>
          <tr>
            <td>
              Aug, 2029
            </td>
            <td>
              ₹11,963.00
            </td>
            <td>
              ₹1,252.00
            </td>
            <td>
              ₹13,215.00
            </td>
            <td>
              ₹138,280.00
            </td>
          </tr>
          <tr>
            <td>
              Sep, 2029
            </td>
            <td>
              ₹12,063.00
            </td>
            <td>
              ₹1,152.00
            </td>
            <td>
              ₹13,215.00
            </td>
            <td>
              ₹126,217.00
            </td>
          </tr>
          <tr>
            <td>
              Oct, 2029
            </td>
            <td>
              ₹12,164.00
            </td>
            <td>
              ₹1,051.00
            </td>
            <td>
              ₹13,215.00
            </td>
            <td>
              ₹114,053.00
            </td>
          </tr>
          <tr>
            <td>
              Nov, 2029
            </td>
            <td>
              ₹12,265.00
            </td>
            <td>
              ₹950.00
            </td>
            <td>
              ₹13,215.00
            </td>
            <td>
              ₹101,788.00
            </td>
          </tr>
          <tr>
            <td>
              Dec, 2029
            </td>
            <td>
              ₹12,367.00
            </td>
            <td>
              ₹848.00
            </td>
            <td>
              ₹13,215.00
            </td>
            <td>
              ₹89,421.00
            </td>
          </tr>
          <tr
            class="year"
          >
            <td>
              2029
            </td>
            <td>
              ₹141,843.00
            </td>
            <td>
              ₹16,737.00
            </td>
            <td>
              ₹158,580.00
            </td>
            <td>
              ₹89,421.00
            </td>
          </tr>
          <tr>
            <td>
              Jan, 2030
            </td>
            <td>
              ₹12,470.00
            </td>
            <td>
              ₹745.00
            </td>
            <td>
              ₹13,215.00
            </td>
            <td>
              ₹76,951.00
            </td>
          </tr>
          <tr>
            <td>
              Feb, 2030
            </td>
            <td>
              ₹12,574.00
            </td>
            <td>
              ₹641.00
            </td>
            <td>
              ₹13,215.00
            </td>
            <td>
              ₹64,377.00
            </td>
          </tr>
          <tr>
            <td>
              Mar, 2030
            </td>
            <td>
              ₹12,679.00
            </td>
            <td>
              ₹536.00
            </td>
            <td>
              ₹13,215.00
            </td>
            <td>
              ₹51,698.00
            </td>
          </tr>
          <tr>
            <td>
              Apr, 2030
            </td>
            <td>
              ₹12,785.00
            </td>
            <td>
              ₹430.00
            </td>
            <td>
              ₹13,215.00
            </td>
            <td>
              ₹38,913.00
            </td>
          </tr>
          <tr>
            <td>
              May, 2030
            </td>
            <td>
              ₹12,891.00
            </td>
            <td>
              ₹324.00
            </td>
            <td>
              ₹13,215.00
            </td>
            <td>
              ₹26,022.00
            </td>
          </tr>
          <tr>
            <td>
              Jun, 2030
            </td>
            <td>
              ₹12,999.00
            </td>
            <td>
              ₹216.00
            </td>
            <td>
              ₹13,215.00
            </td>
            <td>
              ₹13,023.00
            </td>
          </tr>
          <tr>
            <td>
              Jul, 2030
            </td>
            <td>
              ₹13,107.00
            </td>
            <td>
              ₹108.00
            </td>
            <td>
              ₹13,215.00
            </td>
            <td>
              ₹0.00
            </td>
          </tr>
          <tr
            class="year"
          >
            <td>
              2030
            </td>
            <td>
              ₹89,505.00
            </td>
            <td>
              ₹3,000.00
            </td>
            <td>
              ₹92,505.00
            </td>
            <td>
              ₹0.00
            </td>
          </tr>
        </tbody>
      </table>
    </div>
  </div>
</div>
`;
